>! Preprocessor directives
#^ source.fortran.free comment.line.fortran
# ^^^^^^^^^^^^^^^^^^^^^^^^ source.fortran.free comment.line.fortran
>#define MAX 100
#^ source.fortran.free meta.preprocessor keyword.control.preprocessor.indicator.fortran
# ^^^^^^ source.fortran.free meta.preprocessor meta.preprocessor.macro.fortran keyword.control.preprocessor.define.fortran
#       ^^^^^ source.fortran.free meta.preprocessor meta.preprocessor.macro.fortran
#            ^^^ source.fortran.free meta.preprocessor meta.preprocessor.macro.fortran constant.numeric.decimal.cpp
>program test
#^^^^^^^ source.fortran.free meta.program.fortran keyword.control.program.fortran
#       ^ source.fortran.free meta.program.fortran
#        ^^^^ source.fortran.free meta.program.fortran entity.name.program.fortran
>#ifdef DEBUG
#^ source.fortran.free meta.program.fortran meta.block.specification.program.fortran meta.preprocessor keyword.control.preprocessor.indicator.fortran
# ^^^^^ source.fortran.free meta.program.fortran meta.block.specification.program.fortran meta.preprocessor keyword.control.preprocessor.ifdef.fortran
#      ^^^^^^ source.fortran.free meta.program.fortran meta.block.specification.program.fortran meta.preprocessor
>  print *, "debug"
#^^ source.fortran.free meta.program.fortran meta.block.specification.program.fortran
#  ^^^^^ source.fortran.free meta.program.fortran meta.block.specification.program.fortran keyword.control.print.fortran
#       ^ source.fortran.free meta.program.fortran meta.block.specification.program.fortran
#        ^ source.fortran.free meta.program.fortran meta.block.specification.program.fortran keyword.operator.power.fortran
#         ^^ source.fortran.free meta.program.fortran meta.block.specification.program.fortran
#           ^ source.fortran.free meta.program.fortran meta.block.specification.program.fortran string.quoted.double.fortran punctuation.definition.string.begin.fortran
#            ^^^^^ source.fortran.free meta.program.fortran meta.block.specification.program.fortran string.quoted.double.fortran
#                 ^ source.fortran.free meta.program.fortran meta.block.specification.program.fortran string.quoted.double.fortran punctuation.definition.string.end.fortran
>#else
#^ source.fortran.free meta.program.fortran meta.block.specification.program.fortran meta.preprocessor keyword.control.preprocessor.indicator.fortran
# ^^^^ source.fortran.free meta.program.fortran meta.block.specification.program.fortran meta.preprocessor keyword.control.preprocessor.else.fortran
>  print *, "release"
#^^ source.fortran.free meta.program.fortran meta.block.specification.program.fortran
#  ^^^^^ source.fortran.free meta.program.fortran meta.block.specification.program.fortran keyword.control.print.fortran
#       ^ source.fortran.free meta.program.fortran meta.block.specification.program.fortran
#        ^ source.fortran.free meta.program.fortran meta.block.specification.program.fortran keyword.operator.power.fortran
#         ^^ source.fortran.free meta.program.fortran meta.block.specification.program.fortran
#           ^ source.fortran.free meta.program.fortran meta.block.specification.program.fortran string.quoted.double.fortran punctuation.definition.string.begin.fortran
#            ^^^^^^^ source.fortran.free meta.program.fortran meta.block.specification.program.fortran string.quoted.double.fortran
#                   ^ source.fortran.free meta.program.fortran meta.block.specification.program.fortran string.quoted.double.fortran punctuation.definition.string.end.fortran
>#endif
#^ source.fortran.free meta.program.fortran meta.block.specification.program.fortran meta.preprocessor keyword.control.preprocessor.indicator.fortran
# ^^^^^ source.fortran.free meta.program.fortran meta.block.specification.program.fortran meta.preprocessor keyword.control.preprocessor.endif.fortran
>#include "header.h"
#^ source.fortran.free meta.program.fortran meta.block.specification.program.fortran meta.preprocessor keyword.control.preprocessor.indicator.fortran
# ^^^^^^^ source.fortran.free meta.program.fortran meta.block.specification.program.fortran meta.preprocessor meta.preprocessor.include.fortran keyword.control.preprocessor.include.fortran
#        ^ source.fortran.free meta.program.fortran meta.block.specification.program.fortran meta.preprocessor meta.preprocessor.include.fortran
#         ^ source.fortran.free meta.program.fortran meta.block.specification.program.fortran meta.preprocessor meta.preprocessor.include.fortran string.quoted.double.include.preprocessor.fortran punctuation.definition.string.begin.preprocessor.fortran
#          ^^^^^^^^ source.fortran.free meta.program.fortran meta.block.specification.program.fortran meta.preprocessor meta.preprocessor.include.fortran string.quoted.double.include.preprocessor.fortran
#                  ^ source.fortran.free meta.program.fortran meta.block.specification.program.fortran meta.preprocessor meta.preprocessor.include.fortran string.quoted.double.include.preprocessor.fortran punctuation.definition.string.end.preprocessor.fortran
>  x = MAX
#^^ source.fortran.free meta.program.fortran meta.block.specification.program.fortran
#  ^ source.fortran.free meta.program.fortran meta.block.specification.program.fortran meta.parameter.fortran
#   ^ source.fortran.free meta.program.fortran meta.block.specification.program.fortran
#    ^ source.fortran.free meta.program.fortran meta.block.specification.program.fortran keyword.operator.assignment.fortran
#     ^ source.fortran.free meta.program.fortran meta.block.specification.program.fortran
#      ^^^ source.fortran.free meta.program.fortran meta.block.specification.program.fortran meta.parameter.fortran
>end program
#^^^^^^^^^^^ source.fortran.free meta.program.fortran keyword.control.endprogram.fortran
>