>! Type declarations with attributes
#^ source.fortran.free comment.line.fortran
# ^^^^^^^^^^^^^^^^^^^^^^^^^^^^^^^^^^ source.fortran.free comment.line.fortran
>subroutine test(x, str)
#^^^^^^^^^^ source.fortran.free meta.subroutine.fortran keyword.other.subroutine.fortran
#          ^ source.fortran.free meta.subroutine.fortran
#           ^^^^ source.fortran.free meta.subroutine.fortran entity.name.function.subroutine.fortran
#               ^ source.fortran.free meta.subroutine.fortran meta.first-line.fortran meta.dummy-variable-list punctuation.definition.parameters.begin.fortran
#                ^ source.fortran.free meta.subroutine.fortran meta.first-line.fortran meta.dummy-variable-list variable.parameter.fortran
#                 ^ source.fortran.free meta.subroutine.fortran meta.first-line.fortran meta.dummy-variable-list
#                  ^ source.fortran.free meta.subroutine.fortran meta.first-line.fortran meta.dummy-variable-list
#                   ^^^ source.fortran.free meta.subroutine.fortran meta.first-line.fortran meta.dummy-variable-list variable.parameter.fortran
#                      ^ source.fortran.free meta.subroutine.fortran meta.first-line.fortran meta.dummy-variable-list punctuation.definition.parameters.end.fortran
>  integer, parameter :: n = 10
#^^ source.fortran.free meta.subroutine.fortran meta.block.specification.subroutine.fortran
#  ^^^^^^^ source.fortran.free meta.subroutine.fortran meta.block.specification.subroutine.fortran meta.specification.type.fortran storage.type.integer.fortran
#         ^ source.fortran.free meta.subroutine.fortran meta.block.specification.subroutine.fortran meta.specification.type.fortran meta.attribute-list.type-specification-statements.fortran punctuation.comma.fortran
#          ^ source.fortran.free meta.subroutine.fortran meta.block.specification.subroutine.fortran meta.specification.type.fortran meta.attribute-list.type-specification-statements.fortran
#           ^^^^^^^^^ source.fortran.free meta.subroutine.fortran meta.block.specification.subroutine.fortran meta.specification.type.fortran meta.attribute-list.type-specification-statements.fortran storage.modifier.parameter.fortran
#                    ^ source.fortran.free meta.subroutine.fortran meta.block.specification.subroutine.fortran meta.specification.type.fortran meta.attribute-list.type-specification-statements.fortran
#                     ^^ source.fortran.free meta.subroutine.fortran meta.block.specification.subroutine.fortran meta.specification.type.fortran keyword.operator.double-colon.fortran
#                       ^ source.fortran.free meta.subroutine.fortran meta.block.specification.subroutine.fortran meta.specification.type.fortran meta.name-list.fortran
#                        ^ source.fortran.free meta.subroutine.fortran meta.block.specification.subroutine.fortran meta.specification.type.fortran meta.name-list.fortran meta.parameter.fortran
#                         ^ source.fortran.free meta.subroutine.fortran meta.block.specification.subroutine.fortran meta.specification.type.fortran meta.name-list.fortran
#                          ^ source.fortran.free meta.subroutine.fortran meta.block.specification.subroutine.fortran meta.specification.type.fortran meta.name-list.fortran keyword.operator.assignment.fortran
#                           ^ source.fortran.free meta.subroutine.fortran meta.block.specification.subroutine.fortran meta.specification.type.fortran meta.name-list.fortran
#                            ^^ source.fortran.free meta.subroutine.fortran meta.block.specification.subroutine.fortran meta.specification.type.fortran meta.name-list.fortran constant.numeric.fortran
>  real, dimension(5) :: arr
#^^ source.fortran.free meta.subroutine.fortran meta.block.specification.subroutine.fortran
#  ^^^^ source.fortran.free meta.subroutine.fortran meta.block.specification.subroutine.fortran meta.specification.type.fortran storage.type.real.fortran
#      ^ source.fortran.free meta.subroutine.fortran meta.block.specification.subroutine.fortran meta.specification.type.fortran meta.attribute-list.type-specification-statements.fortran punctuation.comma.fortran
#       ^ source.fortran.free meta.subroutine.fortran meta.block.specification.subroutine.fortran meta.specification.type.fortran meta.attribute-list.type-specification-statements.fortran
#        ^^^^^^^^^ source.fortran.free meta.subroutine.fortran meta.block.specification.subroutine.fortran meta.specification.type.fortran meta.attribute-list.type-specification-statements.fortran storage.modifier.dimension.fortran
#                 ^ source.fortran.free meta.subroutine.fortran meta.block.specification.subroutine.fortran meta.specification.type.fortran meta.attribute-list.type-specification-statements.fortran punctuation.parentheses.left.fortran
#                  ^ source.fortran.free meta.subroutine.fortran meta.block.specification.subroutine.fortran meta.specification.type.fortran meta.attribute-list.type-specification-statements.fortran constant.numeric.fortran
#                   ^ source.fortran.free meta.subroutine.fortran meta.block.specification.subroutine.fortran meta.specification.type.fortran meta.attribute-list.type-specification-statements.fortran punctuation.parentheses.right.fortran
#                    ^ source.fortran.free meta.subroutine.fortran meta.block.specification.subroutine.fortran meta.specification.type.fortran meta.attribute-list.type-specification-statements.fortran
#                     ^^ source.fortran.free meta.subroutine.fortran meta.block.specification.subroutine.fortran meta.specification.type.fortran keyword.operator.double-colon.fortran
#                       ^ source.fortran.free meta.subroutine.fortran meta.block.specification.subroutine.fortran meta.specification.type.fortran meta.name-list.fortran
#                        ^^^ source.fortran.free meta.subroutine.fortran meta.block.specification.subroutine.fortran meta.specification.type.fortran meta.name-list.fortran meta.parameter.fortran
>  integer, intent(in) :: x
#^^ source.fortran.free meta.subroutine.fortran meta.block.specification.subroutine.fortran
#  ^^^^^^^ source.fortran.free meta.subroutine.fortran meta.block.specification.subroutine.fortran meta.specification.type.fortran storage.type.integer.fortran
#         ^ source.fortran.free meta.subroutine.fortran meta.block.specification.subroutine.fortran meta.specification.type.fortran meta.attribute-list.type-specification-statements.fortran punctuation.comma.fortran
#          ^ source.fortran.free meta.subroutine.fortran meta.block.specification.subroutine.fortran meta.specification.type.fortran meta.attribute-list.type-specification-statements.fortran
#           ^^^^^^ source.fortran.free meta.subroutine.fortran meta.block.specification.subroutine.fortran meta.specification.type.fortran meta.attribute-list.type-specification-statements.fortran storage.modifier.intent.fortran
#                 ^ source.fortran.free meta.subroutine.fortran meta.block.specification.subroutine.fortran meta.specification.type.fortran meta.attribute-list.type-specification-statements.fortran punctuation.parentheses.left.fortran
#                  ^^ source.fortran.free meta.subroutine.fortran meta.block.specification.subroutine.fortran meta.specification.type.fortran meta.attribute-list.type-specification-statements.fortran storage.modifier.intent.in.fortran
#                    ^ source.fortran.free meta.subroutine.fortran meta.block.specification.subroutine.fortran meta.specification.type.fortran meta.attribute-list.type-specification-statements.fortran punctuation.parentheses.left.fortran
#                     ^ source.fortran.free meta.subroutine.fortran meta.block.specification.subroutine.fortran meta.specification.type.fortran meta.attribute-list.type-specification-statements.fortran
#                      ^^ source.fortran.free meta.subroutine.fortran meta.block.specification.subroutine.fortran meta.specification.type.fortran keyword.operator.double-colon.fortran
#                        ^ source.fortran.free meta.subroutine.fortran meta.block.specification.subroutine.fortran meta.specification.type.fortran meta.name-list.fortran
#                         ^ source.fortran.free meta.subroutine.fortran meta.block.specification.subroutine.fortran meta.specification.type.fortran meta.name-list.fortran meta.parameter.fortran
>  character(len=*), parameter :: str
#^^ source.fortran.free meta.subroutine.fortran meta.block.specification.subroutine.fortran
#  ^^^^^^^^^ source.fortran.free meta.subroutine.fortran meta.block.specification.subroutine.fortran meta.specification.type.fortran storage.type.character.fortran
#           ^ source.fortran.free meta.subroutine.fortran meta.block.specification.subroutine.fortran meta.specification.type.fortran meta.type-spec.fortran punctuation.parentheses.left.fortran
#            ^^^ source.fortran.free meta.subroutine.fortran meta.block.specification.subroutine.fortran meta.specification.type.fortran meta.type-spec.fortran variable.parameter.dummy-variable.fortran.modern
#               ^ source.fortran.free meta.subroutine.fortran meta.block.specification.subroutine.fortran meta.specification.type.fortran meta.type-spec.fortran keyword.operator.assignment.fortran
#                ^ source.fortran.free meta.subroutine.fortran meta.block.specification.subroutine.fortran meta.specification.type.fortran meta.type-spec.fortran keyword.operator.power.fortran
#                 ^ source.fortran.free meta.subroutine.fortran meta.block.specification.subroutine.fortran meta.specification.type.fortran meta.type-spec.fortran punctuation.parentheses.right.fortran
#                  ^ source.fortran.free meta.subroutine.fortran meta.block.specification.subroutine.fortran meta.specification.type.fortran meta.attribute-list.type-specification-statements.fortran punctuation.comma.fortran
#                   ^ source.fortran.free meta.subroutine.fortran meta.block.specification.subroutine.fortran meta.specification.type.fortran meta.attribute-list.type-specification-statements.fortran
#                    ^^^^^^^^^ source.fortran.free meta.subroutine.fortran meta.block.specification.subroutine.fortran meta.specification.type.fortran meta.attribute-list.type-specification-statements.fortran storage.modifier.parameter.fortran
#                             ^ source.fortran.free meta.subroutine.fortran meta.block.specification.subroutine.fortran meta.specification.type.fortran meta.attribute-list.type-specification-statements.fortran
#                              ^^ source.fortran.free meta.subroutine.fortran meta.block.specification.subroutine.fortran meta.specification.type.fortran keyword.operator.double-colon.fortran
#                                ^ source.fortran.free meta.subroutine.fortran meta.block.specification.subroutine.fortran meta.specification.type.fortran meta.name-list.fortran
#                                 ^^^ source.fortran.free meta.subroutine.fortran meta.block.specification.subroutine.fortran meta.specification.type.fortran meta.name-list.fortran meta.parameter.fortran
>  real(8), allocatable :: y(:)
#^^ source.fortran.free meta.subroutine.fortran meta.block.specification.subroutine.fortran
#  ^^^^ source.fortran.free meta.subroutine.fortran meta.block.specification.subroutine.fortran meta.specification.type.fortran storage.type.real.fortran
#      ^ source.fortran.free meta.subroutine.fortran meta.block.specification.subroutine.fortran meta.specification.type.fortran meta.type-spec.fortran punctuation.parentheses.left.fortran
#       ^ source.fortran.free meta.subroutine.fortran meta.block.specification.subroutine.fortran meta.specification.type.fortran meta.type-spec.fortran constant.numeric.fortran
#        ^ source.fortran.free meta.subroutine.fortran meta.block.specification.subroutine.fortran meta.specification.type.fortran meta.type-spec.fortran punctuation.parentheses.right.fortran
#         ^ source.fortran.free meta.subroutine.fortran meta.block.specification.subroutine.fortran meta.specification.type.fortran meta.attribute-list.type-specification-statements.fortran punctuation.comma.fortran
#          ^ source.fortran.free meta.subroutine.fortran meta.block.specification.subroutine.fortran meta.specification.type.fortran meta.attribute-list.type-specification-statements.fortran
#           ^^^^^^^^^^^ source.fortran.free meta.subroutine.fortran meta.block.specification.subroutine.fortran meta.specification.type.fortran meta.attribute-list.type-specification-statements.fortran storage.modifier.allocatable.fortran
#                      ^ source.fortran.free meta.subroutine.fortran meta.block.specification.subroutine.fortran meta.specification.type.fortran meta.attribute-list.type-specification-statements.fortran
#                       ^^ source.fortran.free meta.subroutine.fortran meta.block.specification.subroutine.fortran meta.specification.type.fortran keyword.operator.double-colon.fortran
#                         ^ source.fortran.free meta.subroutine.fortran meta.block.specification.subroutine.fortran meta.specification.type.fortran meta.name-list.fortran
#                          ^ source.fortran.free meta.subroutine.fortran meta.block.specification.subroutine.fortran meta.specification.type.fortran meta.name-list.fortran meta.parameter.fortran
#                           ^ source.fortran.free meta.subroutine.fortran meta.block.specification.subroutine.fortran meta.specification.type.fortran meta.name-list.fortran meta.parameter.fortran punctuation.parentheses.left.fortran
#                            ^ source.fortran.free meta.subroutine.fortran meta.block.specification.subroutine.fortran meta.specification.type.fortran meta.name-list.fortran meta.parameter.fortran
#                             ^ source.fortran.free meta.subroutine.fortran meta.block.specification.subroutine.fortran meta.specification.type.fortran meta.name-list.fortran meta.parameter.fortran punctuation.parentheses.right.fortran
>end subroutine
#^^^^^^^^^^^^^^ source.fortran.free meta.subroutine.fortran keyword.other.endsubroutine.fortran
>