>! Type-bound procedures
#^ source.fortran.free comment.line.fortran
# ^^^^^^^^^^^^^^^^^^^^^^ source.fortran.free comment.line.fortran
>module test
#^^^^^^ source.fortran.free meta.module.fortran keyword.other.program.fortran
#      ^ source.fortran.free meta.module.fortran
#       ^^^^ source.fortran.free meta.module.fortran entity.name.class.module.fortran
>  type :: mytype
#^^ source.fortran.free meta.module.fortran meta.block.specification.module.fortran
#  ^^^^ source.fortran.free meta.module.fortran meta.block.specification.module.fortran meta.derived-type.definition.fortran keyword.control.type.fortran
#      ^ source.fortran.free meta.module.fortran meta.block.specification.module.fortran meta.derived-type.definition.fortran meta.attribute-list.derived-type.fortran
#       ^^ source.fortran.free meta.module.fortran meta.block.specification.module.fortran meta.derived-type.definition.fortran keyword.operator.double-colon.fortran
#         ^ source.fortran.free meta.module.fortran meta.block.specification.module.fortran meta.derived-type.definition.fortran
#          ^^^^^^ source.fortran.free meta.module.fortran meta.block.specification.module.fortran meta.derived-type.definition.fortran entity.name.type.fortran
>    real :: x
#^^^^ source.fortran.free meta.module.fortran meta.block.specification.module.fortran meta.derived-type.definition.fortran meta.block.specification.derived-type.fortran
#    ^^^^ source.fortran.free meta.module.fortran meta.block.specification.module.fortran meta.derived-type.definition.fortran meta.block.specification.derived-type.fortran meta.specification.derived-type.fortran storage.type.real.fortran
#        ^ source.fortran.free meta.module.fortran meta.block.specification.module.fortran meta.derived-type.definition.fortran meta.block.specification.derived-type.fortran meta.specification.derived-type.fortran meta.attribute-list.derived-type-component-type.fortran
#         ^^ source.fortran.free meta.module.fortran meta.block.specification.module.fortran meta.derived-type.definition.fortran meta.block.specification.derived-type.fortran meta.specification.derived-type.fortran keyword.operator.double-colon.fortran
#           ^ source.fortran.free meta.module.fortran meta.block.specification.module.fortran meta.derived-type.definition.fortran meta.block.specification.derived-type.fortran meta.specification.derived-type.fortran meta.name-list.fortran
#            ^ source.fortran.free meta.module.fortran meta.block.specification.module.fortran meta.derived-type.definition.fortran meta.block.specification.derived-type.fortran meta.specification.derived-type.fortran meta.name-list.fortran meta.parameter.fortran
>  contains
#^^ source.fortran.free meta.module.fortran meta.block.specification.module.fortran meta.derived-type.definition.fortran
#  ^^^^^^^^ source.fortran.free meta.module.fortran meta.block.specification.module.fortran meta.derived-type.definition.fortran meta.block.contains.fortran keyword.control.contains.fortran
>    procedure :: init
#^^^^ source.fortran.free meta.module.fortran meta.block.specification.module.fortran meta.derived-type.definition.fortran meta.block.contains.fortran
#    ^^^^^^^^^ source.fortran.free meta.module.fortran meta.block.specification.module.fortran meta.derived-type.definition.fortran meta.block.contains.fortran meta.specification.procedure.fortran storage.type.procedure.fortran
#             ^ source.fortran.free meta.module.fortran meta.block.specification.module.fortran meta.derived-type.definition.fortran meta.block.contains.fortran meta.specification.procedure.fortran meta.attribute-list.derived-type-contains-procedure.fortran
#              ^^ source.fortran.free meta.module.fortran meta.block.specification.module.fortran meta.derived-type.definition.fortran meta.block.contains.fortran meta.specification.procedure.fortran keyword.operator.double-colon.fortran
#                ^ source.fortran.free meta.module.fortran meta.block.specification.module.fortran meta.derived-type.definition.fortran meta.block.contains.fortran meta.specification.procedure.fortran meta.name-list.fortran
#                 ^^^^ source.fortran.free meta.module.fortran meta.block.specification.module.fortran meta.derived-type.definition.fortran meta.block.contains.fortran meta.specification.procedure.fortran meta.name-list.fortran entity.name.function.procedure.fortran
>    procedure :: destroy
#^^^^ source.fortran.free meta.module.fortran meta.block.specification.module.fortran meta.derived-type.definition.fortran meta.block.contains.fortran
#    ^^^^^^^^^ source.fortran.free meta.module.fortran meta.block.specification.module.fortran meta.derived-type.definition.fortran meta.block.contains.fortran meta.specification.procedure.fortran storage.type.procedure.fortran
#             ^ source.fortran.free meta.module.fortran meta.block.specification.module.fortran meta.derived-type.definition.fortran meta.block.contains.fortran meta.specification.procedure.fortran meta.attribute-list.derived-type-contains-procedure.fortran
#              ^^ source.fortran.free meta.module.fortran meta.block.specification.module.fortran meta.derived-type.definition.fortran meta.block.contains.fortran meta.specification.procedure.fortran keyword.operator.double-colon.fortran
#                ^ source.fortran.free meta.module.fortran meta.block.specification.module.fortran meta.derived-type.definition.fortran meta.block.contains.fortran meta.specification.procedure.fortran meta.name-list.fortran
#                 ^^^^^^^ source.fortran.free meta.module.fortran meta.block.specification.module.fortran meta.derived-type.definition.fortran meta.block.contains.fortran meta.specification.procedure.fortran meta.name-list.fortran entity.name.function.procedure.fortran
>    procedure, pass(this) :: compute
#^^^^ source.fortran.free meta.module.fortran meta.block.specification.module.fortran meta.derived-type.definition.fortran meta.block.contains.fortran
#    ^^^^^^^^^ source.fortran.free meta.module.fortran meta.block.specification.module.fortran meta.derived-type.definition.fortran meta.block.contains.fortran meta.specification.procedure.fortran storage.type.procedure.fortran
#             ^ source.fortran.free meta.module.fortran meta.block.specification.module.fortran meta.derived-type.definition.fortran meta.block.contains.fortran meta.specification.procedure.fortran meta.attribute-list.derived-type-contains-procedure.fortran meta.something.fortran punctuation.comma.fortran
#              ^ source.fortran.free meta.module.fortran meta.block.specification.module.fortran meta.derived-type.definition.fortran meta.block.contains.fortran meta.specification.procedure.fortran meta.attribute-list.derived-type-contains-procedure.fortran meta.something.fortran
#               ^^^^ source.fortran.free meta.module.fortran meta.block.specification.module.fortran meta.derived-type.definition.fortran meta.block.contains.fortran meta.specification.procedure.fortran meta.attribute-list.derived-type-contains-procedure.fortran meta.something.fortran storage.modifier.pass.fortran
#                   ^ source.fortran.free meta.module.fortran meta.block.specification.module.fortran meta.derived-type.definition.fortran meta.block.contains.fortran meta.specification.procedure.fortran meta.attribute-list.derived-type-contains-procedure.fortran meta.something.fortran
#                    ^^^^ source.fortran.free meta.module.fortran meta.block.specification.module.fortran meta.derived-type.definition.fortran meta.block.contains.fortran meta.specification.procedure.fortran meta.attribute-list.derived-type-contains-procedure.fortran meta.something.fortran
#                        ^ source.fortran.free meta.module.fortran meta.block.specification.module.fortran meta.derived-type.definition.fortran meta.block.contains.fortran meta.specification.procedure.fortran meta.attribute-list.derived-type-contains-procedure.fortran meta.something.fortran
#                         ^ source.fortran.free meta.module.fortran meta.block.specification.module.fortran meta.derived-type.definition.fortran meta.block.contains.fortran meta.specification.procedure.fortran meta.attribute-list.derived-type-contains-procedure.fortran meta.something.fortran
#                          ^^ source.fortran.free meta.module.fortran meta.block.specification.module.fortran meta.derived-type.definition.fortran meta.block.contains.fortran meta.specification.procedure.fortran keyword.operator.double-colon.fortran
#                            ^ source.fortran.free meta.module.fortran meta.block.specification.module.fortran meta.derived-type.definition.fortran meta.block.contains.fortran meta.specification.procedure.fortran meta.name-list.fortran
#                             ^^^^^^^ source.fortran.free meta.module.fortran meta.block.specification.module.fortran meta.derived-type.definition.fortran meta.block.contains.fortran meta.specification.procedure.fortran meta.name-list.fortran entity.name.function.procedure.fortran
>    procedure, nopass :: static_method
#^^^^ source.fortran.free meta.module.fortran meta.block.specification.module.fortran meta.derived-type.definition.fortran meta.block.contains.fortran
#    ^^^^^^^^^ source.fortran.free meta.module.fortran meta.block.specification.module.fortran meta.derived-type.definition.fortran meta.block.contains.fortran meta.specification.procedure.fortran storage.type.procedure.fortran
#             ^ source.fortran.free meta.module.fortran meta.block.specification.module.fortran meta.derived-type.definition.fortran meta.block.contains.fortran meta.specification.procedure.fortran meta.attribute-list.derived-type-contains-procedure.fortran meta.something.fortran punctuation.comma.fortran
#              ^ source.fortran.free meta.module.fortran meta.block.specification.module.fortran meta.derived-type.definition.fortran meta.block.contains.fortran meta.specification.procedure.fortran meta.attribute-list.derived-type-contains-procedure.fortran meta.something.fortran
#               ^^^^^^ source.fortran.free meta.module.fortran meta.block.specification.module.fortran meta.derived-type.definition.fortran meta.block.contains.fortran meta.specification.procedure.fortran meta.attribute-list.derived-type-contains-procedure.fortran meta.something.fortran storage.modifier.nopass.fortran
#                     ^ source.fortran.free meta.module.fortran meta.block.specification.module.fortran meta.derived-type.definition.fortran meta.block.contains.fortran meta.specification.procedure.fortran meta.attribute-list.derived-type-contains-procedure.fortran meta.something.fortran
#                      ^^ source.fortran.free meta.module.fortran meta.block.specification.module.fortran meta.derived-type.definition.fortran meta.block.contains.fortran meta.specification.procedure.fortran keyword.operator.double-colon.fortran
#                        ^ source.fortran.free meta.module.fortran meta.block.specification.module.fortran meta.derived-type.definition.fortran meta.block.contains.fortran meta.specification.procedure.fortran meta.name-list.fortran
#                         ^^^^^^^^^^^^^ source.fortran.free meta.module.fortran meta.block.specification.module.fortran meta.derived-type.definition.fortran meta.block.contains.fortran meta.specification.procedure.fortran meta.name-list.fortran entity.name.function.procedure.fortran
>    final :: cleanup
#^^^^ source.fortran.free meta.module.fortran meta.block.specification.module.fortran meta.derived-type.definition.fortran meta.block.contains.fortran
#    ^^^^^ source.fortran.free meta.module.fortran meta.block.specification.module.fortran meta.derived-type.definition.fortran meta.block.contains.fortran meta.specification.procedure.final.fortran storage.type.final-procedure.fortran
#         ^ source.fortran.free meta.module.fortran meta.block.specification.module.fortran meta.derived-type.definition.fortran meta.block.contains.fortran meta.specification.procedure.final.fortran meta.attribute-list.derived-type-contains-final-procedure.fortran
#          ^^ source.fortran.free meta.module.fortran meta.block.specification.module.fortran meta.derived-type.definition.fortran meta.block.contains.fortran meta.specification.procedure.final.fortran meta.attribute-list.derived-type-contains-final-procedure.fortran keyword.operator.double-colon.fortran
#            ^ source.fortran.free meta.module.fortran meta.block.specification.module.fortran meta.derived-type.definition.fortran meta.block.contains.fortran meta.specification.procedure.final.fortran
#             ^^^^^^^ source.fortran.free meta.module.fortran meta.block.specification.module.fortran meta.derived-type.definition.fortran meta.block.contains.fortran meta.specification.procedure.final.fortran entity.name.function.procedure.fortran
>  end type
#^^ source.fortran.free meta.module.fortran meta.block.specification.module.fortran meta.derived-type.definition.fortran
#  ^^^^^^^^ source.fortran.free meta.module.fortran meta.block.specification.module.fortran meta.derived-type.definition.fortran keyword.control.endtype.fortran
>contains
#^^^^^^^^ source.fortran.free meta.module.fortran meta.block.specification.module.fortran meta.block.contains.fortran keyword.control.contains.fortran
>  subroutine init(this)
#^^ source.fortran.free meta.module.fortran meta.block.specification.module.fortran meta.block.contains.fortran meta.subroutine.fortran meta.attribute-list.subroutine.fortran
#  ^^^^^^^^^^ source.fortran.free meta.module.fortran meta.block.specification.module.fortran meta.block.contains.fortran meta.subroutine.fortran keyword.other.subroutine.fortran
#            ^ source.fortran.free meta.module.fortran meta.block.specification.module.fortran meta.block.contains.fortran meta.subroutine.fortran
#             ^^^^ source.fortran.free meta.module.fortran meta.block.specification.module.fortran meta.block.contains.fortran meta.subroutine.fortran entity.name.function.subroutine.fortran
#                 ^ source.fortran.free meta.module.fortran meta.block.specification.module.fortran meta.block.contains.fortran meta.subroutine.fortran meta.first-line.fortran meta.dummy-variable-list punctuation.definition.parameters.begin.fortran
#                  ^^^^ source.fortran.free meta.module.fortran meta.block.specification.module.fortran meta.block.contains.fortran meta.subroutine.fortran meta.first-line.fortran meta.dummy-variable-list variable.parameter.fortran
#                      ^ source.fortran.free meta.module.fortran meta.block.specification.module.fortran meta.block.contains.fortran meta.subroutine.fortran meta.first-line.fortran meta.dummy-variable-list punctuation.definition.parameters.end.fortran
>    class(mytype) :: this
#^^^^ source.fortran.free meta.module.fortran meta.block.specification.module.fortran meta.block.contains.fortran meta.subroutine.fortran meta.block.specification.subroutine.fortran
#    ^^^^^ source.fortran.free meta.module.fortran meta.block.specification.module.fortran meta.block.contains.fortran meta.subroutine.fortran meta.block.specification.subroutine.fortran meta.specification.type.fortran meta.specification.type.derived.fortran storage.type.class.fortran
#         ^ source.fortran.free meta.module.fortran meta.block.specification.module.fortran meta.block.contains.fortran meta.subroutine.fortran meta.block.specification.subroutine.fortran meta.specification.type.fortran meta.specification.type.derived.fortran punctuation.parentheses.left.fortran
#          ^^^^^^ source.fortran.free meta.module.fortran meta.block.specification.module.fortran meta.block.contains.fortran meta.subroutine.fortran meta.block.specification.subroutine.fortran meta.specification.type.fortran meta.specification.type.derived.fortran entity.name.type.fortran
#                ^ source.fortran.free meta.module.fortran meta.block.specification.module.fortran meta.block.contains.fortran meta.subroutine.fortran meta.block.specification.subroutine.fortran meta.specification.type.fortran meta.specification.type.derived.fortran punctuation.parentheses.right.fortran
#                 ^ source.fortran.free meta.module.fortran meta.block.specification.module.fortran meta.block.contains.fortran meta.subroutine.fortran meta.block.specification.subroutine.fortran meta.specification.type.fortran meta.attribute-list.type-specification-statements.fortran
#                  ^^ source.fortran.free meta.module.fortran meta.block.specification.module.fortran meta.block.contains.fortran meta.subroutine.fortran meta.block.specification.subroutine.fortran meta.specification.type.fortran keyword.operator.double-colon.fortran
#                    ^ source.fortran.free meta.module.fortran meta.block.specification.module.fortran meta.block.contains.fortran meta.subroutine.fortran meta.block.specification.subroutine.fortran meta.specification.type.fortran meta.name-list.fortran
#                     ^^^^ source.fortran.free meta.module.fortran meta.block.specification.module.fortran meta.block.contains.fortran meta.subroutine.fortran meta.block.specification.subroutine.fortran meta.specification.type.fortran meta.name-list.fortran meta.parameter.fortran
>    this%x = 0.0
#^^^^ source.fortran.free meta.module.fortran meta.block.specification.module.fortran meta.block.contains.fortran meta.subroutine.fortran meta.block.specification.subroutine.fortran
#    ^^^^ source.fortran.free meta.module.fortran meta.block.specification.module.fortran meta.block.contains.fortran meta.subroutine.fortran meta.block.specification.subroutine.fortran meta.parameter.fortran
#        ^ source.fortran.free meta.module.fortran meta.block.specification.module.fortran meta.block.contains.fortran meta.subroutine.fortran meta.block.specification.subroutine.fortran meta.parameter.fortran keyword.other.selector.fortran
#         ^ source.fortran.free meta.module.fortran meta.block.specification.module.fortran meta.block.contains.fortran meta.subroutine.fortran meta.block.specification.subroutine.fortran meta.parameter.fortran
#          ^ source.fortran.free meta.module.fortran meta.block.specification.module.fortran meta.block.contains.fortran meta.subroutine.fortran meta.block.specification.subroutine.fortran
#           ^ source.fortran.free meta.module.fortran meta.block.specification.module.fortran meta.block.contains.fortran meta.subroutine.fortran meta.block.specification.subroutine.fortran keyword.operator.assignment.fortran
#            ^ source.fortran.free meta.module.fortran meta.block.specification.module.fortran meta.block.contains.fortran meta.subroutine.fortran meta.block.specification.subroutine.fortran
#             ^^^ source.fortran.free meta.module.fortran meta.block.specification.module.fortran meta.block.contains.fortran meta.subroutine.fortran meta.block.specification.subroutine.fortran constant.numeric.fortran
>  end subroutine
#^^ source.fortran.free meta.module.fortran meta.block.specification.module.fortran meta.block.contains.fortran meta.subroutine.fortran meta.block.specification.subroutine.fortran
#  ^^^^^^^^^^^^^^ source.fortran.free meta.module.fortran meta.block.specification.module.fortran meta.block.contains.fortran meta.subroutine.fortran keyword.other.endsubroutine.fortran
>
>  subroutine cleanup(this)
#^^ source.fortran.free meta.module.fortran meta.block.specification.module.fortran meta.block.contains.fortran meta.subroutine.fortran meta.attribute-list.subroutine.fortran
#  ^^^^^^^^^^ source.fortran.free meta.module.fortran meta.block.specification.module.fortran meta.block.contains.fortran meta.subroutine.fortran keyword.other.subroutine.fortran
#            ^ source.fortran.free meta.module.fortran meta.block.specification.module.fortran meta.block.contains.fortran meta.subroutine.fortran
#             ^^^^^^^ source.fortran.free meta.module.fortran meta.block.specification.module.fortran meta.block.contains.fortran meta.subroutine.fortran entity.name.function.subroutine.fortran
#                    ^ source.fortran.free meta.module.fortran meta.block.specification.module.fortran meta.block.contains.fortran meta.subroutine.fortran meta.first-line.fortran meta.dummy-variable-list punctuation.definition.parameters.begin.fortran
#                     ^^^^ source.fortran.free meta.module.fortran meta.block.specification.module.fortran meta.block.contains.fortran meta.subroutine.fortran meta.first-line.fortran meta.dummy-variable-list variable.parameter.fortran
#                         ^ source.fortran.free meta.module.fortran meta.block.specification.module.fortran meta.block.contains.fortran meta.subroutine.fortran meta.first-line.fortran meta.dummy-variable-list punctuation.definition.parameters.end.fortran
>    type(mytype) :: this
#^^^^ source.fortran.free meta.module.fortran meta.block.specification.module.fortran meta.block.contains.fortran meta.subroutine.fortran meta.block.specification.subroutine.fortran
#    ^^^^ source.fortran.free meta.module.fortran meta.block.specification.module.fortran meta.block.contains.fortran meta.subroutine.fortran meta.block.specification.subroutine.fortran meta.specification.type.fortran meta.specification.type.derived.fortran storage.type.type.fortran
#        ^ source.fortran.free meta.module.fortran meta.block.specification.module.fortran meta.block.contains.fortran meta.subroutine.fortran meta.block.specification.subroutine.fortran meta.specification.type.fortran meta.specification.type.derived.fortran punctuation.parentheses.left.fortran
#         ^^^^^^ source.fortran.free meta.module.fortran meta.block.specification.module.fortran meta.block.contains.fortran meta.subroutine.fortran meta.block.specification.subroutine.fortran meta.specification.type.fortran meta.specification.type.derived.fortran entity.name.type.fortran
#               ^ source.fortran.free meta.module.fortran meta.block.specification.module.fortran meta.block.contains.fortran meta.subroutine.fortran meta.block.specification.subroutine.fortran meta.specification.type.fortran meta.specification.type.derived.fortran punctuation.parentheses.right.fortran
#                ^ source.fortran.free meta.module.fortran meta.block.specification.module.fortran meta.block.contains.fortran meta.subroutine.fortran meta.block.specification.subroutine.fortran meta.specification.type.fortran meta.attribute-list.type-specification-statements.fortran
#                 ^^ source.fortran.free meta.module.fortran meta.block.specification.module.fortran meta.block.contains.fortran meta.subroutine.fortran meta.block.specification.subroutine.fortran meta.specification.type.fortran keyword.operator.double-colon.fortran
#                   ^ source.fortran.free meta.module.fortran meta.block.specification.module.fortran meta.block.contains.fortran meta.subroutine.fortran meta.block.specification.subroutine.fortran meta.specification.type.fortran meta.name-list.fortran
#                    ^^^^ source.fortran.free meta.module.fortran meta.block.specification.module.fortran meta.block.contains.fortran meta.subroutine.fortran meta.block.specification.subroutine.fortran meta.specification.type.fortran meta.name-list.fortran meta.parameter.fortran
>  end subroutine
#^^ source.fortran.free meta.module.fortran meta.block.specification.module.fortran meta.block.contains.fortran meta.subroutine.fortran meta.block.specification.subroutine.fortran
#  ^^^^^^^^^^^^^^ source.fortran.free meta.module.fortran meta.block.specification.module.fortran meta.block.contains.fortran meta.subroutine.fortran keyword.other.endsubroutine.fortran
>end module
#^^^^^^^^^^ source.fortran.free meta.module.fortran keyword.other.endmodule.fortran
>