>program demo
#^^^^^^^ source.fortran.free meta.program.fortran keyword.control.program.fortran
#       ^ source.fortran.free meta.program.fortran
#        ^^^^ source.fortran.free meta.program.fortran entity.name.program.fortran
>
>    write(*, "('Just a very long line. Just a very long line. Just a very long line. Just a very long line. Just a very long line. Just a very long line. ',i0)") 100
#^^^^ source.fortran.free meta.program.fortran meta.block.specification.program.fortran
#    ^^^^^ source.fortran.free meta.program.fortran meta.block.specification.program.fortran meta.statement.IO.fortran keyword.control.write.fortran
#         ^ source.fortran.free meta.program.fortran meta.block.specification.program.fortran meta.statement.IO.fortran punctuation.parentheses.left.fortran
#          ^ source.fortran.free meta.program.fortran meta.block.specification.program.fortran meta.statement.IO.fortran keyword.operator.power.fortran
#           ^^ source.fortran.free meta.program.fortran meta.block.specification.program.fortran meta.statement.IO.fortran
#             ^ source.fortran.free meta.program.fortran meta.block.specification.program.fortran meta.statement.IO.fortran string.quoted.double.fortran punctuation.definition.string.begin.fortran
#              ^^^^^^^^^^^^^^^^^^^^^^^^^^^^^^^^^^^^^^^^^^^^^^^^^^^^^^^^^^^^^^^^^^^^^^^^^^^^^^^^^^^^^^^^^^^^^^^^^^^^^^^^^^^^^^^^^^^^^^^^^^^^^^^^^^^^^^^^^^^^^^^^^ source.fortran.free meta.program.fortran meta.block.specification.program.fortran meta.statement.IO.fortran string.quoted.double.fortran
#                                                                                                                                                               ^ source.fortran.free meta.program.fortran meta.block.specification.program.fortran meta.statement.IO.fortran string.quoted.double.fortran punctuation.definition.string.end.fortran
#                                                                                                                                                                ^ source.fortran.free meta.program.fortran meta.block.specification.program.fortran meta.statement.IO.fortran punctuation.parentheses.right.fortran
#                                                                                                                                                                 ^ source.fortran.free meta.program.fortran meta.block.specification.program.fortran meta.statement.IO.fortran meta.name-list.fortran
#                                                                                                                                                                  ^^^ source.fortran.free meta.program.fortran meta.block.specification.program.fortran meta.statement.IO.fortran meta.name-list.fortran constant.numeric.fortran
> 
>endprogram
#^^^^^^^^^^ source.fortran.free meta.program.fortran keyword.control.endprogram.fortran
> 